// Vitest Snapshot v1, https://vitest.dev/guide/snapshot.html

exports[`Footer > renders the Footer component 1`] = `
{
  "asFragment": [Function],
  "baseElement": <body>
    <div>
      <footer
        style="background-color: rgb(30, 30, 30); display: block; width: calc(100% - 200px); color: rgb(195, 192, 187); font-size: 10px;"
      >
        <nav>
          <ul
            id="footer-nav"
            style="display: flex; align-items: center; padding: 0px;"
          >
            <li
              style="list-style-type: none; display: contents; cursor: pointer;"
            >
              test
            </li>
          </ul>
        </nav>
        copyright
        <div
          style="margin-top: 50px;"
        >
          <ul
            id="footer-social"
            style="display: flex; align-items: center; padding: 0px; float: left;"
          >
            <li
              style="list-style-type: none; display: block; cursor: pointer; height: 30px; background-position: right center; background-repeat: no-repeat; background-size: contain; background-image: url("");"
            >
              <img
                alt="test"
                style="height: 100%;"
              />
            </li>
          </ul>
          <ul
            id="footer-stores"
            style="display: flex; align-items: center; padding: 0px; float: right;"
          >
            <li
              style="list-style-type: none; display: block; cursor: pointer; height: 30px;"
            >
              <img
                alt="test"
                style="height: 100%;"
              />
            </li>
          </ul>
        </div>
      </footer>
    </div>
  </body>,
  "container": <div>
    <footer
      style="background-color: rgb(30, 30, 30); display: block; width: calc(100% - 200px); color: rgb(195, 192, 187); font-size: 10px;"
    >
      <nav>
        <ul
          id="footer-nav"
          style="display: flex; align-items: center; padding: 0px;"
        >
          <li
            style="list-style-type: none; display: contents; cursor: pointer;"
          >
            test
          </li>
        </ul>
      </nav>
      copyright
      <div
        style="margin-top: 50px;"
      >
        <ul
          id="footer-social"
          style="display: flex; align-items: center; padding: 0px; float: left;"
        >
          <li
            style="list-style-type: none; display: block; cursor: pointer; height: 30px; background-position: right center; background-repeat: no-repeat; background-size: contain; background-image: url("");"
          >
            <img
              alt="test"
              style="height: 100%;"
            />
          </li>
        </ul>
        <ul
          id="footer-stores"
          style="display: flex; align-items: center; padding: 0px; float: right;"
        >
          <li
            style="list-style-type: none; display: block; cursor: pointer; height: 30px;"
          >
            <img
              alt="test"
              style="height: 100%;"
            />
          </li>
        </ul>
      </div>
    </footer>
  </div>,
  "debug": [Function],
  "findAllByAltText": [Function],
  "findAllByDisplayValue": [Function],
  "findAllByLabelText": [Function],
  "findAllByPlaceholderText": [Function],
  "findAllByRole": [Function],
  "findAllByTestId": [Function],
  "findAllByText": [Function],
  "findAllByTitle": [Function],
  "findByAltText": [Function],
  "findByDisplayValue": [Function],
  "findByLabelText": [Function],
  "findByPlaceholderText": [Function],
  "findByRole": [Function],
  "findByTestId": [Function],
  "findByText": [Function],
  "findByTitle": [Function],
  "getAllByAltText": [Function],
  "getAllByDisplayValue": [Function],
  "getAllByLabelText": [Function],
  "getAllByPlaceholderText": [Function],
  "getAllByRole": [Function],
  "getAllByTestId": [Function],
  "getAllByText": [Function],
  "getAllByTitle": [Function],
  "getByAltText": [Function],
  "getByDisplayValue": [Function],
  "getByLabelText": [Function],
  "getByPlaceholderText": [Function],
  "getByRole": [Function],
  "getByTestId": [Function],
  "getByText": [Function],
  "getByTitle": [Function],
  "queryAllByAltText": [Function],
  "queryAllByDisplayValue": [Function],
  "queryAllByLabelText": [Function],
  "queryAllByPlaceholderText": [Function],
  "queryAllByRole": [Function],
  "queryAllByTestId": [Function],
  "queryAllByText": [Function],
  "queryAllByTitle": [Function],
  "queryByAltText": [Function],
  "queryByDisplayValue": [Function],
  "queryByLabelText": [Function],
  "queryByPlaceholderText": [Function],
  "queryByRole": [Function],
  "queryByTestId": [Function],
  "queryByText": [Function],
  "queryByTitle": [Function],
  "rerender": [Function],
  "unmount": [Function],
}
`;
