// Vitest Snapshot v1, https://vitest.dev/guide/snapshot.html

exports[`Header > renders the Header component 1`] = `
{
  "asFragment": [Function],
  "baseElement": <body>
    <div>
      <header
        style="display: box; width: 100%;"
      >
        <div
          style="display: box; width: 100%; height: 30px; padding-top: 10px; padding-bottom: 10px; background: linear-gradient(0deg,rgb(46, 149, 250) 0%, rgb(18, 100, 246) 100%); box-shadow: 0px 3px 3px rgb(45, 45, 45); position: relative; z-index: 10;"
        >
          DEMO Streaming
          <div
            style="padding-top: 10px; padding-bottom: 10px; font-size: 10px; float: right;"
          >
            <span
              style="margin-right: 10px;"
            >
              Log in
            </span>
            <div
              style="color: white; background: linear-gradient(0deg,rgb(68, 68, 68) 0%, rgb(51, 51, 51) 100%); display: inline; padding: 10px;"
            >
              Start your free trial
            </div>
          </div>
        </div>
        <div
          style="padding-top: 10px; padding-bottom: 10px; display: box; width: 100%; height: 30px; background: rgb(65, 65, 65);"
        >
          test header text
        </div>
      </header>
    </div>
  </body>,
  "container": <div>
    <header
      style="display: box; width: 100%;"
    >
      <div
        style="display: box; width: 100%; height: 30px; padding-top: 10px; padding-bottom: 10px; background: linear-gradient(0deg,rgb(46, 149, 250) 0%, rgb(18, 100, 246) 100%); box-shadow: 0px 3px 3px rgb(45, 45, 45); position: relative; z-index: 10;"
      >
        DEMO Streaming
        <div
          style="padding-top: 10px; padding-bottom: 10px; font-size: 10px; float: right;"
        >
          <span
            style="margin-right: 10px;"
          >
            Log in
          </span>
          <div
            style="color: white; background: linear-gradient(0deg,rgb(68, 68, 68) 0%, rgb(51, 51, 51) 100%); display: inline; padding: 10px;"
          >
            Start your free trial
          </div>
        </div>
      </div>
      <div
        style="padding-top: 10px; padding-bottom: 10px; display: box; width: 100%; height: 30px; background: rgb(65, 65, 65);"
      >
        test header text
      </div>
    </header>
  </div>,
  "debug": [Function],
  "findAllByAltText": [Function],
  "findAllByDisplayValue": [Function],
  "findAllByLabelText": [Function],
  "findAllByPlaceholderText": [Function],
  "findAllByRole": [Function],
  "findAllByTestId": [Function],
  "findAllByText": [Function],
  "findAllByTitle": [Function],
  "findByAltText": [Function],
  "findByDisplayValue": [Function],
  "findByLabelText": [Function],
  "findByPlaceholderText": [Function],
  "findByRole": [Function],
  "findByTestId": [Function],
  "findByText": [Function],
  "findByTitle": [Function],
  "getAllByAltText": [Function],
  "getAllByDisplayValue": [Function],
  "getAllByLabelText": [Function],
  "getAllByPlaceholderText": [Function],
  "getAllByRole": [Function],
  "getAllByTestId": [Function],
  "getAllByText": [Function],
  "getAllByTitle": [Function],
  "getByAltText": [Function],
  "getByDisplayValue": [Function],
  "getByLabelText": [Function],
  "getByPlaceholderText": [Function],
  "getByRole": [Function],
  "getByTestId": [Function],
  "getByText": [Function],
  "getByTitle": [Function],
  "queryAllByAltText": [Function],
  "queryAllByDisplayValue": [Function],
  "queryAllByLabelText": [Function],
  "queryAllByPlaceholderText": [Function],
  "queryAllByRole": [Function],
  "queryAllByTestId": [Function],
  "queryAllByText": [Function],
  "queryAllByTitle": [Function],
  "queryByAltText": [Function],
  "queryByDisplayValue": [Function],
  "queryByLabelText": [Function],
  "queryByPlaceholderText": [Function],
  "queryByRole": [Function],
  "queryByTestId": [Function],
  "queryByText": [Function],
  "queryByTitle": [Function],
  "rerender": [Function],
  "unmount": [Function],
}
`;
